// Jest Snapshot v1, https://jestjs.io/docs/snapshot-testing

exports[`Profile Component should match snapshot 1`] = `
<DocumentFragment>
  <div
    class="text-center mt-20"
  >
    <h1
      class="text-3xl font-bold text-gray-800 mb-4"
    >
      User Profile page
    </h1>
    <p
      class="text-gray-600"
    >
      Only logged-in users should see this.
    </p>
  </div>
</DocumentFragment>
`;
