// Jest Snapshot v1, https://jestjs.io/docs/snapshot-testing

exports[`Footer Component should match snapshot 1`] = `
<DocumentFragment>
  <footer
    class="bg-gray-800 text-white py-4 mt-8 border-t border-gray-700"
  >
    <div
      class="container mx-auto px-4 text-center"
    >
      <p
        class="text-sm"
      >
        © 2026 Product Zone. All rights reserved.
      </p>
    </div>
  </footer>
</DocumentFragment>
`;
